
 gcc -g p11.c
 gdb a.out
GNU gdb (Ubuntu 8.1.1-0ubuntu1) 8.1.1
Copyright (C) 2018 Free Software Foundation, Inc.
License GPLv3+: GNU GPL version 3 or later <http://gnu.org/licenses/gpl.html>
This is free software: you are free to change and redistribute it.
There is NO WARRANTY, to the extent permitted by law.  Type "show copying"
and "show warranty" for details.
This GDB was configured as "x86_64-linux-gnu".
Type "show configuration" for configuration details.
For bug reporting instructions, please see:
<http://www.gnu.org/software/gdb/bugs/>.
Find the GDB manual and other documentation resources online at:
<http://www.gnu.org/software/gdb/documentation/>.
For help, type "help".
Type "apropos word" to search for commands related to "word"...
Reading symbols from a.out...done.
(gdb) b main
Breakpoint 1 at 0x7cd: file p11.c, line 32.
(gdb) r
Starting program: /home/runner/assignment/a.out 
warning: Error disabling address space randomization: Operation not permitted

Breakpoint 1, main () at p11.c:32
32    printf("Enter three sides of a triangle=");
(gdb) n
33    int a=input_side();
(gdb) 
Enter three sides of a triangle=24 3 6
34    int b=input_side();
(gdb) n
35    int c=input_side();
(gdb) n
36    int res=is_scalene(a,b,c);
(gdb) n
37    output(res);
(gdb) n
38    return 0;
(gdb) p res
$1 = 1
(gdb) n
39  }
(gdb) q
A debugging session is active.

    Inferior 1 [process 2832] will be killed.

Quit anyway? (y or n) y