
 gcc -g p13.c
 gdb a.out
GNU gdb (Ubuntu 8.1.1-0ubuntu1) 8.1.1
Copyright (C) 2018 Free Software Foundation, Inc.
License GPLv3+: GNU GPL version 3 or later <http://gnu.org/licenses/gpl.html>
This is free software: you are free to change and redistribute it.
There is NO WARRANTY, to the extent permitted by law.  Type "show copying"
and "show warranty" for details.
This GDB was configured as "x86_64-linux-gnu".
Type "show configuration" for configuration details.
For bug reporting instructions, please see:
<http://www.gnu.org/software/gdb/bugs/>.
Find the GDB manual and other documentation resources online at:
<http://www.gnu.org/software/gdb/documentation/>.
For help, type "help".
Type "apropos word" to search for commands related to "word"...
Reading symbols from a.out...done.
(gdb) b main
Breakpoint 1 at 0x892: file p13.c, line 51.
(gdb) r
Starting program: /home/runner/assignment/a.out 
warning: Error disabling address space randomization: Operation not permitted

Breakpoint 1, main () at p13.c:51
51  {
(gdb) n
52    int n=input_n();
(gdb) n
Enter n=10
53    int a[n];
(gdb) n
54    input_array(n,a);
(gdb) n
Enter 10 numbers = 5 6 7 8 9 4 5 6  7 5
55    int res=sum_composite(n,a);
(gdb) n
56    output(res);
(gdb) p res
$1 = 33
(gdb) n
57    return 0;
(gdb) n
58  }(gdb) q
A debugging session is active.

    Inferior 1 [process 3308] will be killed.

Quit anyway? (y or n) y