 
 gcc -g p14.c
 gdb a.out
GNU gdb (Ubuntu 8.1.1-0ubuntu1) 8.1.1
Copyright (C) 2018 Free Software Foundation, Inc.
License GPLv3+: GNU GPL version 3 or later <http://gnu.org/licenses/gpl.html>
This is free software: you are free to change and redistribute it.
There is NO WARRANTY, to the extent permitted by law.  Type "show copying"
and "show warranty" for details.
This GDB was configured as "x86_64-linux-gnu".
Type "show configuration" for configuration details.
For bug reporting instructions, please see:
<http://www.gnu.org/software/gdb/bugs/>.
Find the GDB manual and other documentation resources online at:
<http://www.gnu.org/software/gdb/documentation/>.
For help, type "help".
Type "apropos word" to search for commands related to "word"...
Reading symbols from a.out...done.
(gdb) b main
Breakpoint 1 at 0x7f3: file p14.c, line 32.
(gdb) r
Starting program: /home/runner/assignment/a.out 
warning: Error disabling address space randomization: Operation not permitted

Breakpoint 1, main () at p14.c:32
32    printf("Enter two numbers=");
(gdb) n
33    int a=input();
(gdb) n
Enter two numbers=5 6
34    int b=input();
(gdb) n
35    int g=gcd(a,b);
(gdb) n
36    output(a,b,g);
(gdb) n
37    return 0;
(gdb) n
38  }(gdb) q
A debugging session is active.

    Inferior 1 [process 66] will be killed.

Quit anyway? (y or n) 
Please answer y or n.
A debugging session is active.

    Inferior 1 [process 66] will be killed.

Quit anyway? (y or n) y