
 gcc -g p18.c
 gdb a.out
GNU gdb (Ubuntu 8.1.1-0ubuntu1) 8.1.1
Copyright (C) 2018 Free Software Foundation, Inc.
License GPLv3+: GNU GPL version 3 or later <http://gnu.org/licenses/gpl.html>
This is free software: you are free to change and redistribute it.
There is NO WARRANTY, to the extent permitted by law.  Type "show copying"
and "show warranty" for details.
This GDB was configured as "x86_64-linux-gnu".
Type "show configuration" for configuration details.
For bug reporting instructions, please see:
<http://www.gnu.org/software/gdb/bugs/>.
Find the GDB manual and other documentation resources online at:
<http://www.gnu.org/software/gdb/documentation/>.
For help, type "help".
Type "apropos word" to search for commands related to "word"...
Reading symbols from a.out...done.
(gdb) b main
Breakpoint 1 at 0xa39: file p18.c, line 61.
(gdb) r
Starting program: /home/runner/assignment/a.out 
warning: Error disabling address space randomization: Operation not permitted

Breakpoint 1, main () at p18.c:61
61  {
(gdb) n
62    int n=get_n();
(gdb) n
How many triangles you want to add =2
63    Triangle t[n];
(gdb) n
64    input_n(n,t);
(gdb) n
Enter a triangle =4 3
Enter a triangle =6 9
65    find_n_areas(n,t);
(gdb) n
66    Triangle small=find_smallest(n,t);
(gdb) n
67    output(small);
(gdb) p small
$1 = {base = 0, altitude = 2.80259693e-45, area = 6}
(gdb) n
68    return 0;
(gdb) p small
$2 = {base = 0, altitude = 2.80259693e-45, area = 6}
(gdb) n
69  }
(gdb) n
__libc_start_main (main=0x564789e00a28 <main>, argc=1, argv=0x7ffe0d69f1e8, 
    init=<optimized out>, fini=<optimized out>, rtld_fini=<optimized out>, 
    stack_end=0x7ffe0d69f1d8) at ../csu/libc-start.c:344
344 ../csu/libc-start.c: No such file or directory.
(gdb) q
A debugging session is active.

    Inferior 1 [process 1370] will be killed.

Quit anyway? (y or n) y
 