 gcc -g p1.c
 gdb a.out
GNU gdb (Ubuntu 8.1.1-0ubuntu1) 8.1.1
Copyright (C) 2018 Free Software Foundation, Inc.
License GPLv3+: GNU GPL version 3 or later <http://gnu.org/licenses/gpl.html>
This is free software: you are free to change and redistribute it.
There is NO WARRANTY, to the extent permitted by law.  Type "show copying"
and "show warranty" for details.
This GDB was configured as "x86_64-linux-gnu".
Type "show configuration" for configuration details.
For bug reporting instructions, please see:
<http://www.gnu.org/software/gdb/bugs/>.
Find the GDB manual and other documentation resources online at:
<http://www.gnu.org/software/gdb/documentation/>.
For help, type "help".
Type "apropos word" to search for commands related to "word"...
Reading symbols from a.out...done.
(gdb) b main
Breakpoint 1 at 0x7b4: file p1.c, line 28.
(gdb) r
Starting program: /home/runner/assignment/a.out 
warning: Error disabling address space randomization: Operation not permitted

Breakpoint 1, main () at p1.c:28
28    printf("Enter two numbers=");
(gdb) n
29    int x=input();
(gdb) n
Enter two numbers=50 30
30    int y=input();
(gdb) s
input () at p1.c:12
12  {
(gdb) n
14    scanf("%d",&n);
(gdb) n
15    return n;
(gdb) n
16  }
(gdb) n
main () at p1.c:31
31    int res=add(x,y);
(gdb) s
add (a=50, b=30) at p1.c:19
19    int c=a+b;
(gdb) p c
$1 = 2075196618
(gdb) n
 gcc -g p2.c
 gdb a.out
GNU gdb (Ubuntu 8.1.1-0ubuntu1) 8.1.1
Copyright (C) 2018 Free Software Foundation, Inc.
License GPLv3+: GNU GPL version 3 or later <http://gnu.org/licenses/gpl.html>
This is free software: you are free to change and redistribute it.
There is NO WARRANTY, to the extent permitted by law.  Type "show copying"
and "show warranty" for details.
This GDB was configured as "x86_64-linux-gnu".
Type "show configuration" for configuration details.
For bug reporting instructions, please see:
<http://www.gnu.org/software/gdb/bugs/>.
Find the GDB manual and other documentation resources online at:
<http://www.gnu.org/software/gdb/documentation/>.
For help, type "help".
Type "apropos word" to search for commands related to "word"...
Reading symbols from a.out...done.
(gdb) b main
Breakpoint 1 at 0x7b1: file p2.c, line 28.
(gdb) r
Starting program: /home/runner/assignment/a.out 
warning: Error disabling address space randomization: Operation not permitted

Breakpoint 1, main () at p2.c:28
28  {
(gdb) n
30    input(&x,&y);
(gdb) s
input (a=0x7ffcc949542c, b=0x7ffcc9495430) at p2.c:16
16    printf("Enter two numbers = ");
(gdb) n
17    scanf("%d%d",a,b);
(gdb) n
Enter two numbers = 5 33
18  }
(gdb) n
main () at p2.c:31
31    add(x,y,&z);
(gdb) s
add (a=5, b=33, c=0x7ffcc9495434) at p2.c:21
21    *c=a+b;
(gdb) n
22  }
(gdb) p c
$1 = (int *) 0x7ffcc9495434
(gdb) n
main () at p2.c:32
32    output(x,y,z);
(gdb) n
33    return 0;
(gdb) p x,y,z
$2 = 38
(gdb) p y
 gcc -g p3.c
 gdb a.out
GNU gdb (Ubuntu 8.1.1-0ubuntu1) 8.1.1
Copyright (C) 2018 Free Software Foundation, Inc.
License GPLv3+: GNU GPL version 3 or later <http://gnu.org/licenses/gpl.html>
This is free software: you are free to change and redistribute it.
There is NO WARRANTY, to the extent permitted by law.  Type "show copying"
and "show warranty" for details.
This GDB was configured as "x86_64-linux-gnu".
Type "show configuration" for configuration details.
For bug reporting instructions, please see:
<http://www.gnu.org/software/gdb/bugs/>.
Find the GDB manual and other documentation resources online at:
<http://www.gnu.org/software/gdb/documentation/>.
For help, type "help".
Type "apropos word" to search for commands related to "word"...
Reading symbols from a.out...done.
(gdb) b main
Breakpoint 1 at 0x7f6: file p3.c, line 29.
(gdb) r
Starting program: /home/runner/assignment/a.out 
warning: Error disabling address space randomization: Operation not permitted

Breakpoint 1, main () at p3.c:29
29  {
(gdb) n
31    input(&x,&y,&z);
(gdb) n
Enter three numbers=2 6 7
32    cmp(x,y,z,&lar);
(gdb) n
33    output(x,y,z,lar);
(gdb) s
output (a=2, b=6, c=7, l=7) at p3.c:26
26    printf("The largest number among %d %d and %d is %d",a,b,c,l);
(gdb) n
27  }
(gdb) n
main () at p3.c:34
34    return 0;
(gdb) n
35  }(gdb) q
A debugging session is active.

    Inferior 1 [process 969] will be killed.

Quit anyway? (y or n) y
 