 
 gcc -g p8.c
 gdb a.out
GNU gdb (Ubuntu 8.1.1-0ubuntu1) 8.1.1
Copyright (C) 2018 Free Software Foundation, Inc.
License GPLv3+: GNU GPL version 3 or later <http://gnu.org/licenses/gpl.html>
This is free software: you are free to change and redistribute it.
There is NO WARRANTY, to the extent permitted by law.  Type "show copying"
and "show warranty" for details.
This GDB was configured as "x86_64-linux-gnu".
Type "show configuration" for configuration details.
For bug reporting instructions, please see:
<http://www.gnu.org/software/gdb/bugs/>.
Find the GDB manual and other documentation resources online at:
<http://www.gnu.org/software/gdb/documentation/>.
For help, type "help".
Type "apropos word" to search for commands related to "word"...
Reading symbols from a.out...done.
(gdb) b main
Breakpoint 1 at 0x831: file p8.c, line 44.
(gdb) r
Starting program: /home/runner/assignment/a.out 
warning: Error disabling address space randomization: Operation not permitted

Breakpoint 1, main () at p8.c:44
44    c1=input();
(gdb) n
Enter a complex number =2 5
45    c2=input();
(gdb) n
Enter a complex number =6 7
46    res=add(c1,c2);
(gdb) n
47    output(c1,c2,res);
(gdb) p c1
$1 = {real = 2, imaginary = 5}
(gdb) p c2
$2 = {real = 6, imaginary = 7}
(gdb) p res
$3 = {real = 8, imaginary = 12}
(gdb) n
48    return 0;
(gdb) n
49  }(gdb) q
A debugging session is active.

    Inferior 1 [process 1975] will be killed.

Quit anyway? (y or n) y