gcc -g p9.c
 gdb a.out
GNU gdb (Ubuntu 8.1.1-0ubuntu1) 8.1.1
Copyright (C) 2018 Free Software Foundation, Inc.
License GPLv3+: GNU GPL version 3 or later <http://gnu.org/licenses/gpl.html>
This is free software: you are free to change and redistribute it.
There is NO WARRANTY, to the extent permitted by law.  Type "show copying"
and "show warranty" for details.
This GDB was configured as "x86_64-linux-gnu".
Type "show configuration" for configuration details.
For bug reporting instructions, please see:
<http://www.gnu.org/software/gdb/bugs/>.
Find the GDB manual and other documentation resources online at:
<http://www.gnu.org/software/gdb/documentation/>.
For help, type "help".
Type "apropos word" to search for commands related to "word"...
Reading symbols from a.out...done.
(gdb) b main
Breakpoint 1 at 0x931: file p9.c, line 72.
(gdb) r
Starting program: /home/runner/assignment/a.out 
warning: Error disabling address space randomization: Operation not permitted

Breakpoint 1, main () at p9.c:72
72  {
(gdb) n
73    int n=get_n();
(gdb) n
How many complex numbers you want to add=5
74    Complex c[n];
(gdb) p n
$1 = 5
(gdb) n
75    input_n_complex(n,c);
(gdb) n
Enter a complex number=5 3
Enter a complex number=7 6
Enter a complex number=9 2
Enter a complex number=66 77
Enter a complex number=33 99
76    Complex res=add_n(n,c);
(gdb) n
77    output(res);
(gdb) p res
$2 = {real = 120, imaginary = 187}
(gdb) n
78    return 0;
(gdb) n
79  }(gdb) q
A debugging session is active.

    Inferior 1 [process 2242] will be killed.

Quit anyway? (y or n) y
 